// Jest Snapshot v1, https://goo.gl/fbAQLP

exports[`Like button toggles the class when clicked 1`] = `
<h1>
  Something went wrong.
</h1>
`;

exports[`TouchableHighlight renders correctly 1`] = `
<Text
  accessible={true}
  allowFontScaling={true}
  disabled={false}
  ellipsizeMode="tail"
>
  HI
</Text>
`;
